src/api/assetDetection.ts(1,15): error TS6196: 'KiaFileItem' is declared but never used.
src/api/regionManage.ts(43,13): error TS2339: Property 'patch' does not exist on type '{ get<T>(url: string, config?: AxiosRequestConfig<any> | undefined): Promise<T>; post<T>(url: string, data?: unknown, config?: AxiosRequestConfig<any> | undefined): Promise<...>; put<T>(url: string, data?: unknown, config?: AxiosRequestConfig<...> | undefined): Promise<...>; delete<T>(url: string, config?: AxiosRequ...'.
src/api/transWebService.ts(409,25): error TS2345: Argument of type 'Uint8Array<ArrayBufferLike>[]' is not assignable to parameter of type 'BlobPart[]'.
  Type 'Uint8Array<ArrayBufferLike>' is not assignable to type 'BlobPart'.
    Type 'Uint8Array<ArrayBufferLike>' is not assignable to type 'ArrayBufferView<ArrayBuffer>'.
      Types of property 'buffer' are incompatible.
        Type 'ArrayBufferLike' is not assignable to type 'ArrayBuffer'.
          Type 'SharedArrayBuffer' is not assignable to type 'ArrayBuffer'.
            Types of property '[Symbol.toStringTag]' are incompatible.
              Type '"SharedArrayBuffer"' is not assignable to type '"ArrayBuffer"'.
src/components/business/__tests__/DepartmentSelector.spec.ts(3,32): error TS2307: Cannot find module '../DepartmentSelector.vue' or its corresponding type declarations.
src/components/business/__tests__/DepartmentSelector.spec.ts(65,12): error TS2532: Object is possibly 'undefined'.
src/components/business/__tests__/DepartmentSelector.spec.ts(66,12): error TS2532: Object is possibly 'undefined'.
src/components/business/__tests__/DepartmentSelector.spec.ts(78,12): error TS2532: Object is possibly 'undefined'.
src/components/business/__tests__/DepartmentSelector.spec.ts(79,12): error TS2532: Object is possibly 'undefined'.
src/components/business/__tests__/DepartmentSelector.spec.ts(88,12): error TS2532: Object is possibly 'undefined'.
src/components/business/__tests__/DepartmentSelector.spec.ts(99,70): error TS2339: Property 'value' does not exist on type 'VueNode<Element>'.
src/components/business/__tests__/TransferProgress.spec.ts(4,30): error TS2307: Cannot find module '../TransferProgress.vue' or its corresponding type declarations.
src/composables/__tests__/useApplicationList.spec.ts(24,5): error TS2353: Object literal may only specify known properties, and 'storageSize' does not exist in type 'Application'.
src/composables/__tests__/useApplicationList.spec.ts(63,23): error TS2339: Property 'filteredList' does not exist on type '{ loading: Ref<boolean, boolean>; advancedVisible: Ref<boolean, boolean>; filters: { keyword: string; }; pagination: { current: number; pageSize: number; total: number; }; listData: Ref<...>; ... 9 more ...; formatTransWay: (transWay: string) => string; }'.
src/composables/__tests__/useApplicationList.spec.ts(63,46): error TS7006: Parameter 'item' implicitly has an 'any' type.
src/composables/__tests__/useApprovalDetail.spec.ts(55,5): error TS2322: Type 'Application' is not assignable to type 'ApplicationDetailResponse | { appBaseApprovalRoute: { status: number; createdBy: string; creationDate: string; lastUpdatedBy: string; lastUpdateDate: string | null; ... 55 more ...; abcManagerUser: any; }; ... 11 more ...; edsInfo: any; } | null'.
src/composables/__tests__/useApprovalDetail.spec.ts(66,5): error TS2322: Type 'Application' is not assignable to type 'ApplicationDetailResponse | { appBaseApprovalRoute: { status: number; createdBy: string; creationDate: string; lastUpdatedBy: string; lastUpdateDate: string | null; ... 55 more ...; abcManagerUser: any; }; ... 11 more ...; edsInfo: any; } | null'.
src/composables/__tests__/useApprovalDetail.spec.ts(71,19): error TS2339: Property 'transferTypeLabel' does not exist on type '{ loading: Ref<boolean, boolean>; detailData: Ref<{ appBaseApprovalRoute: { status: number; createdBy: string; creationDate: string; lastUpdatedBy: string; lastUpdateDate: string | null; ... 55 more ...; abcManagerUser: any; }; ... 11 more ...; edsInfo: any; } | null, ApplicationDetailResponse | ... 1 more ... | nul...'.
src/composables/__tests__/useApprovalDetail.spec.ts(75,25): error TS2339: Property 'totalApprovalLevels' does not exist on type '{ loading: Ref<boolean, boolean>; detailData: Ref<{ appBaseApprovalRoute: { status: number; createdBy: string; creationDate: string; lastUpdatedBy: string; lastUpdateDate: string | null; ... 55 more ...; abcManagerUser: any; }; ... 11 more ...; edsInfo: any; } | null, ApplicationDetailResponse | ... 1 more ... | nul...'.
src/composables/__tests__/useApprovalDetail.spec.ts(77,5): error TS2322: Type 'Application' is not assignable to type 'ApplicationDetailResponse | { appBaseApprovalRoute: { status: number; createdBy: string; creationDate: string; lastUpdatedBy: string; lastUpdateDate: string | null; ... 55 more ...; abcManagerUser: any; }; ... 11 more ...; edsInfo: any; } | null'.
src/composables/__tests__/useApprovalDetail.spec.ts(83,5): error TS2322: Type 'Application' is not assignable to type 'ApplicationDetailResponse | { appBaseApprovalRoute: { status: number; createdBy: string; creationDate: string; lastUpdatedBy: string; lastUpdateDate: string | null; ... 55 more ...; abcManagerUser: any; }; ... 11 more ...; edsInfo: any; } | null'.
src/composables/__tests__/useApprovalDetail.spec.ts(93,5): error TS2322: Type 'Application' is not assignable to type 'ApplicationDetailResponse | { appBaseApprovalRoute: { status: number; createdBy: string; creationDate: string; lastUpdatedBy: string; lastUpdateDate: string | null; ... 55 more ...; abcManagerUser: any; }; ... 11 more ...; edsInfo: any; } | null'.
src/composables/__tests__/useApprovalDetail.spec.ts(105,5): error TS2322: Type 'Application' is not assignable to type 'ApplicationDetailResponse | { appBaseApprovalRoute: { status: number; createdBy: string; creationDate: string; lastUpdatedBy: string; lastUpdateDate: string | null; ... 55 more ...; abcManagerUser: any; }; ... 11 more ...; edsInfo: any; } | null'.
src/composables/__tests__/useApprovalDetail.spec.ts(111,12): error TS18047: 'detailData.value' is possibly 'null'.
src/composables/__tests__/useApprovalDetail.spec.ts(111,29): error TS2339: Property 'currentApprovalLevel' does not exist on type '{ appBaseApprovalRoute: { status: number; createdBy: string; creationDate: string; lastUpdatedBy: string; lastUpdateDate: string | null; applicationId: number; approvalRouteId: number; deptId: string; ... 52 more ...; abcManagerUser: any; }; ... 11 more ...; edsInfo: any; }'.
src/composables/__tests__/useApprovalDetail.spec.ts(115,25): error TS2339: Property 'canOperate' does not exist on type '{ loading: Ref<boolean, boolean>; detailData: Ref<{ appBaseApprovalRoute: { status: number; createdBy: string; creationDate: string; lastUpdatedBy: string; lastUpdateDate: string | null; ... 55 more ...; abcManagerUser: any; }; ... 11 more ...; edsInfo: any; } | null, ApplicationDetailResponse | ... 1 more ... | nul...'.
src/composables/__tests__/useApprovalDetail.spec.ts(117,5): error TS2322: Type 'Application' is not assignable to type 'ApplicationDetailResponse | { appBaseApprovalRoute: { status: number; createdBy: string; creationDate: string; lastUpdatedBy: string; lastUpdateDate: string | null; ... 55 more ...; abcManagerUser: any; }; ... 11 more ...; edsInfo: any; } | null'.
src/composables/__tests__/useApprovalDetail.spec.ts(124,5): error TS2322: Type 'Application' is not assignable to type 'ApplicationDetailResponse | { appBaseApprovalRoute: { status: number; createdBy: string; creationDate: string; lastUpdatedBy: string; lastUpdateDate: string | null; ... 55 more ...; abcManagerUser: any; }; ... 11 more ...; edsInfo: any; } | null'.
src/composables/__tests__/useApprovalDetail.spec.ts(136,5): error TS2322: Type 'Application' is not assignable to type 'ApplicationDetailResponse | { appBaseApprovalRoute: { status: number; createdBy: string; creationDate: string; lastUpdatedBy: string; lastUpdateDate: string | null; ... 55 more ...; abcManagerUser: any; }; ... 11 more ...; edsInfo: any; } | null'.
src/composables/__tests__/useApprovalDetail.spec.ts(156,5): error TS2322: Type 'Application' is not assignable to type 'ApplicationDetailResponse | { appBaseApprovalRoute: { status: number; createdBy: string; creationDate: string; lastUpdatedBy: string; lastUpdateDate: string | null; ... 55 more ...; abcManagerUser: any; }; ... 11 more ...; edsInfo: any; } | null'.
src/composables/__tests__/useApprovalDetail.spec.ts(190,5): error TS2322: Type 'Application' is not assignable to type 'ApplicationDetailResponse | { appBaseApprovalRoute: { status: number; createdBy: string; creationDate: string; lastUpdatedBy: string; lastUpdateDate: string | null; ... 55 more ...; abcManagerUser: any; }; ... 11 more ...; edsInfo: any; } | null'.
src/composables/__tests__/useApprovalDetail.spec.ts(190,24): error TS2352: Conversion of type '{ id: string; storageSize: number; createdAt: string; }' to type 'Application' may be a mistake because neither type sufficiently overlaps with the other. If this was intentional, convert the expression to 'unknown' first.
  Type '{ id: string; storageSize: number; createdAt: string; }' is missing the following properties from type 'Application': applicationNo, transferType, department, sourceArea, and 13 more.
src/composables/__tests__/useApprovalDetail.spec.ts(209,5): error TS2322: Type 'Application' is not assignable to type 'ApplicationDetailResponse | { appBaseApprovalRoute: { status: number; createdBy: string; creationDate: string; lastUpdatedBy: string; lastUpdateDate: string | null; ... 55 more ...; abcManagerUser: any; }; ... 11 more ...; edsInfo: any; } | null'.
src/composables/__tests__/useApprovalDetail.spec.ts(257,5): error TS2322: Type 'Application' is not assignable to type 'ApplicationDetailResponse | { appBaseApprovalRoute: { status: number; createdBy: string; creationDate: string; lastUpdatedBy: string; lastUpdateDate: string | null; ... 55 more ...; abcManagerUser: any; }; ... 11 more ...; edsInfo: any; } | null'.
src/composables/__tests__/useApprovalList.spec.ts(52,13): error TS2339: Property 'applicant' does not exist on type '{ keyword: string; transferType: TransferType | "all"; }'.
src/composables/__tests__/useApprovalList.spec.ts(58,20): error TS2339: Property 'applicant' does not exist on type '{ keyword: string; transferType: TransferType | "all"; }'.
src/composables/__tests__/useDownloadList.spec.ts(27,5): error TS2353: Object literal may only specify known properties, and 'storageSize' does not exist in type 'Application'.
src/composables/__tests__/useDownloadList.spec.ts(27,28): error TS2339: Property 'storageSize' does not exist on type 'Partial<Application>'.
src/composables/__tests__/useDownloadList.spec.ts(28,33): error TS2339: Property 'uploadExpireTime' does not exist on type 'Partial<Application>'.
src/composables/__tests__/useDownloadList.spec.ts(29,35): error TS2339: Property 'downloadExpireTime' does not exist on type 'Partial<Application>'.
src/composables/__tests__/useDownloadList.spec.ts(77,13): error TS2339: Property 'filteredList' does not exist on type '{ loading: Ref<boolean, boolean>; filters: { keyword: string; status: string; downloadStatus: "all" | DownloadStatus; }; pagination: { current: number; pageSize: number; total: number; }; ... 14 more ...; formatTransWay: (transWay: string) => string; }'.
src/composables/__tests__/useDownloadList.spec.ts(79,35): error TS7006: Parameter 'item' implicitly has an 'any' type.
src/composables/__tests__/useDownloadList.spec.ts(127,16): error TS2339: Property 'markDownloaded' does not exist on type '{ loading: Ref<boolean, boolean>; filters: { keyword: string; status: string; downloadStatus: "all" | DownloadStatus; }; pagination: { current: number; pageSize: number; total: number; }; ... 14 more ...; formatTransWay: (transWay: string) => string; }'.
src/composables/__tests__/useDownloadList.spec.ts(130,16): error TS2339: Property 'markDownloaded' does not exist on type '{ loading: Ref<boolean, boolean>; filters: { keyword: string; status: string; downloadStatus: "all" | DownloadStatus; }; pagination: { current: number; pageSize: number; total: number; }; ... 14 more ...; formatTransWay: (transWay: string) => string; }'.
src/composables/__tests__/useNotificationList.spec.ts(39,5): error TS2353: Object literal may only specify known properties, and 'storageSize' does not exist in type 'Application'.
src/composables/__tests__/useNotificationList.spec.ts(39,28): error TS2339: Property 'storageSize' does not exist on type 'Partial<Application>'.
src/composables/__tests__/useNotificationList.spec.ts(40,33): error TS2339: Property 'uploadExpireTime' does not exist on type 'Partial<Application>'.
src/composables/__tests__/useNotificationList.spec.ts(41,35): error TS2339: Property 'downloadExpireTime' does not exist on type 'Partial<Application>'.
src/composables/__tests__/useSystemConfig.spec.ts(139,22): error TS2339: Property 'loadConfig' does not exist on type '{ activeTab: Ref<ConfigTab, ConfigTab>; transferConfig: { maxFileSize: number; maxFileCount: number; chunkSize: number; maxConcurrent: number; uploadValidity: number; downloadValidity: number; }; ... 8 more ...; handleTabChange: (key: string | number) => void; }'.
src/composables/__tests__/useTransferManage.spec.ts(26,5): error TS2353: Object literal may only specify known properties, and 'storageSize' does not exist in type 'Application'.
src/composables/__tests__/useTransferManage.spec.ts(26,28): error TS2339: Property 'storageSize' does not exist on type 'Partial<Application>'.
src/composables/__tests__/useTransferManage.spec.ts(27,33): error TS2339: Property 'uploadExpireTime' does not exist on type 'Partial<Application>'.
src/composables/__tests__/useTransferManage.spec.ts(28,35): error TS2339: Property 'downloadExpireTime' does not exist on type 'Partial<Application>'.
src/composables/__tests__/useTransferSimulator.spec.ts(29,47): error TS2550: Property 'at' does not exist on type 'any[][]'. Do you need to change your target library? Try changing the 'lib' compiler option to 'es2022' or later.
src/composables/useApplicationForm.ts(458,29): error TS6133: 'validateCurrentStep' is declared but its value is never read.
src/composables/useApprovalDetail.ts(26,10): error TS6133: 'parseNotification' is declared but its value is never read.
src/composables/useApprovalDetail.ts(63,10): error TS6133: 'isPendingApproval' is declared but its value is never read.
src/composables/useApprovalDetail.ts(72,9): error TS6133: 'fileStore' is declared but its value is never read.
src/composables/useTransferConfig.ts(10,7): error TS6133: 'DEFAULT_ICONS' is declared but its value is never read.
src/composables/useTransferManage.ts(36,7): error TS2739: Type '{ 'green-to-green': string; 'green-to-yellow': string; 'green-to-red': string; 'yellow-to-yellow': string; 'yellow-to-red': string; 'red-to-red': string; 'cross-country': string; }' is missing the following properties from type 'Record<TransferType, string>': "yellow-to-green", "red-to-green", "red-to-yellow"
src/composables/useTransferManage.ts(60,56): error TS2339: Property 'storageSize' does not exist on type 'Application'.
src/composables/useTransferManage.ts(99,55): error TS2769: No overload matches this call.
  Overload 1 of 2, '(getter: ComputedGetter<TransferManageRecord[]>, debugOptions?: DebuggerOptions | undefined): ComputedRef<TransferManageRecord[]>', gave the following error.
    Argument of type '() => ({ id: string; applicationId: string; applicationNo: string; transferType: TransferType; applicantName: string; totalBytes: number; progress: number; speedBytesPerSec: number; status: TransferManageStatus; transferTime: string; errorMessage: string | undefined; } | null)[]' is not assignable to parameter of type 'ComputedGetter<TransferManageRecord[]>'.
      Type '({ id: string; applicationId: string; applicationNo: string; transferType: TransferType; applicantName: string; totalBytes: number; progress: number; speedBytesPerSec: number; status: TransferManageStatus; transferTime: string; errorMessage: string | undefined; } | null)[]' is not assignable to type 'TransferManageRecord[]'.
        Type '{ id: string; applicationId: string; applicationNo: string; transferType: TransferType; applicantName: string; totalBytes: number; progress: number; speedBytesPerSec: number; status: TransferManageStatus; transferTime: string; errorMessage: string | undefined; } | null' is not assignable to type 'TransferManageRecord'.
          Type 'null' is not assignable to type 'TransferManageRecord'.
  Overload 2 of 2, '(options: WritableComputedOptions<TransferManageRecord[], TransferManageRecord[]>, debugOptions?: DebuggerOptions | undefined): WritableComputedRef<...>', gave the following error.
    Argument of type '() => ({ id: string; applicationId: string; applicationNo: string; transferType: TransferType; applicantName: string; totalBytes: number; progress: number; speedBytesPerSec: number; status: TransferManageStatus; transferTime: string; errorMessage: string | undefined; } | null)[]' is not assignable to parameter of type 'WritableComputedOptions<TransferManageRecord[], TransferManageRecord[]>'.
src/composables/useTransferManage.ts(125,31): error TS2677: A type predicate's type must be assignable to its parameter's type.
  Type 'TransferManageRecord' is not assignable to type '{ id: string; applicationId: string; applicationNo: string; transferType: TransferType; applicantName: string; totalBytes: number; progress: number; speedBytesPerSec: number; status: TransferManageStatus; transferTime: string; errorMessage: string | undefined; }'.
    Property 'errorMessage' is optional in type 'TransferManageRecord' but required in type '{ id: string; applicationId: string; applicationNo: string; transferType: TransferType; applicantName: string; totalBytes: number; progress: number; speedBytesPerSec: number; status: TransferManageStatus; transferTime: string; errorMessage: string | undefined; }'.
src/composables/useTransferManage.ts(126,29): error TS18047: 'b' is possibly 'null'.
src/composables/useTransferManage.ts(126,63): error TS18047: 'a' is possibly 'null'.
src/composables/useTransUpload.ts(8,8): error TS6133: 'FileEntity' is declared but its value is never read.
src/composables/useTransUpload.ts(12,8): error TS6133: 'ChunkStatusInfo' is declared but its value is never read.
src/composables/useTransUpload.ts(30,8): error TS6133: 'ChunkInfo' is declared but its value is never read.
src/composables/useTransUpload.ts(36,3): error TS6133: 'getUploadRecord' is declared but its value is never read.
src/composables/useTransUpload.ts(90,11): error TS6196: 'ChunkUploadState' is declared but never used.
src/composables/useTransUpload.ts(261,42): error TS6133: 'params' is declared but its value is never read.
src/composables/useUserManage.ts(1,15): error TS2305: Module '"@/types"' has no exported member 'CreateUserRequest'.
src/composables/useUserManage.ts(1,34): error TS2305: Module '"@/types"' has no exported member 'UpdateUserRequest'.
src/composables/useUserManage.ts(1,59): error TS2305: Module '"@/types"' has no exported member 'UserQueryParams'.
src/main.ts(4,17): error TS2307: Cannot find module './App.vue' or its corresponding type declarations.
src/mocks/data/applications.ts(26,5): error TS2353: Object literal may only specify known properties, and 'storageSize' does not exist in type 'Application'.
src/mocks/data/applications.ts(50,5): error TS2353: Object literal may only specify known properties, and 'customerAuthFile' does not exist in type 'Application'.
src/mocks/data/applications.ts(78,5): error TS2353: Object literal may only specify known properties, and 'customerAuthFile' does not exist in type 'Application'.
src/mocks/data/applications.ts(111,5): error TS2353: Object literal may only specify known properties, and 'storageSize' does not exist in type 'Application'.
src/mocks/data/applications.ts(134,5): error TS2353: Object literal may only specify known properties, and 'customerAuthFile' does not exist in type 'Application'.
src/mocks/handlers/application.ts(75,7): error TS2353: Object literal may only specify known properties, and 'customerAuthFile' does not exist in type 'Application'.
src/mocks/handlers/application.ts(75,33): error TS2339: Property 'customerAuthFile' does not exist on type 'Partial<Application>'.
src/mocks/handlers/application.ts(81,28): error TS2339: Property 'storageSize' does not exist on type 'Partial<Application>'.
src/mocks/handlers/application.ts(82,33): error TS2339: Property 'uploadExpireTime' does not exist on type 'Partial<Application>'.
src/mocks/handlers/application.ts(83,35): error TS2339: Property 'downloadExpireTime' does not exist on type 'Partial<Application>'.
src/mocks/handlers/approval.ts(7,7): error TS2739: Type '{ 'green-to-green': number; 'green-to-yellow': number; 'green-to-red': number; 'yellow-to-yellow': number; 'yellow-to-red': number; 'red-to-red': number; 'cross-country': number; }' is missing the following properties from type 'Record<TransferType, number>': "yellow-to-green", "red-to-green", "red-to-yellow"
src/mocks/handlers/auditLog.ts(29,3): error TS2322: Type '{ id: string; operationTime: string; actionType: AuditActionType | undefined; operator: string | undefined; ip: string; detail: any; resource: any; result: AuditResult | undefined; }[]' is not assignable to type 'AuditLogRecord[]'.
  Type '{ id: string; operationTime: string; actionType: AuditActionType | undefined; operator: string | undefined; ip: string; detail: any; resource: any; result: AuditResult | undefined; }' is not assignable to type 'AuditLogRecord'.
    Types of property 'actionType' are incompatible.
      Type 'AuditActionType | undefined' is not assignable to type 'AuditActionType'.
        Type 'undefined' is not assignable to type 'AuditActionType'.
src/mocks/handlers/auditLog.ts(33,35): error TS2538: Type 'undefined' cannot be used as an index type.
src/mocks/handlers/auditLog.ts(34,39): error TS2538: Type 'undefined' cannot be used as an index type.
src/mocks/handlers/city.ts(20,24): error TS2339: Property 'country' does not exist on type 'ProvinceCities'.
src/mocks/handlers/city.ts(21,28): error TS2339: Property 'countryCode' does not exist on type 'ProvinceCities'.
src/mocks/handlers/regionManage.ts(205,5): error TS2532: Object is possibly 'undefined'.
src/mocks/handlers/uiConfig.ts(94,5): error TS2353: Object literal may only specify known properties, and 'level' does not exist in type 'UITransferTypeConfigItem'.
src/mocks/handlers/uiConfig.ts(110,5): error TS2353: Object literal may only specify known properties, and 'level' does not exist in type 'UITransferTypeConfigItem'.
src/mocks/handlers/uiConfig.ts(126,5): error TS2353: Object literal may only specify known properties, and 'level' does not exist in type 'UITransferTypeConfigItem'.
src/mocks/handlers/uiConfig.ts(142,5): error TS2353: Object literal may only specify known properties, and 'level' does not exist in type 'UITransferTypeConfigItem'.
src/mocks/handlers/uiConfig.ts(158,5): error TS2353: Object literal may only specify known properties, and 'level' does not exist in type 'UITransferTypeConfigItem'.
src/mocks/handlers/uiConfig.ts(174,5): error TS2353: Object literal may only specify known properties, and 'level' does not exist in type 'UITransferTypeConfigItem'.
src/mocks/handlers/uiConfig.ts(190,5): error TS2353: Object literal may only specify known properties, and 'level' does not exist in type 'UITransferTypeConfigItem'.
src/mocks/handlers/uiConfig.ts(206,5): error TS2353: Object literal may only specify known properties, and 'level' does not exist in type 'UITransferTypeConfigItem'.
src/mocks/handlers/uiConfig.ts(222,5): error TS2353: Object literal may only specify known properties, and 'level' does not exist in type 'UITransferTypeConfigItem'.
src/mocks/handlers/uiConfig.ts(536,43): error TS2345: Argument of type '({ params }: ResponseResolverInfo<HttpRequestResolverExtras<PathParams>, DefaultBodyType>) => Promise<...>' is not assignable to parameter of type 'HttpResponseResolver<PathParams, DefaultBodyType, ApiResponse<{ type: "text"; items: UITextConfigItem[]; }>>'.
  Type 'Promise<HttpResponse<ApiResponse<{ type: "text"; items: UITextConfigItem[]; }>> | HttpResponse<ApiResponse<{ type: "i18n"; languages: UILanguageConfig[]; translations: Record<...>; }>> | HttpResponse<...> | HttpResponse<...> | HttpResponse<...> | HttpResponse<...>>' is not assignable to type 'AsyncResponseResolverReturnType<ApiResponse<{ type: "text"; items: UITextConfigItem[]; }>>'.
    Type 'Promise<HttpResponse<ApiResponse<{ type: "text"; items: UITextConfigItem[]; }>> | HttpResponse<ApiResponse<{ type: "i18n"; languages: UILanguageConfig[]; translations: Record<...>; }>> | HttpResponse<...> | HttpResponse<...> | HttpResponse<...> | HttpResponse<...>>' is not assignable to type 'Promise<ResponseResolverReturnType<ApiResponse<{ type: "text"; items: UITextConfigItem[]; }>> | Iterable<MaybeAsyncResponseResolverReturnType<ApiResponse<{ type: "text"; items: UITextConfigItem[]; }>>, MaybeAsyncResponseResolverReturnType<...>, MaybeAsyncResponseResolverReturnType<...>> | AsyncIterable<...>>'.
      Type 'HttpResponse<ApiResponse<{ type: "text"; items: UITextConfigItem[]; }>> | HttpResponse<ApiResponse<{ type: "i18n"; languages: UILanguageConfig[]; translations: Record<...>; }>> | HttpResponse<...> | HttpResponse<...> | HttpResponse<...> | HttpResponse<...>' is not assignable to type 'ResponseResolverReturnType<ApiResponse<{ type: "text"; items: UITextConfigItem[]; }>> | Iterable<MaybeAsyncResponseResolverReturnType<ApiResponse<{ type: "text"; items: UITextConfigItem[]; }>>, MaybeAsyncResponseResolverReturnType<...>, MaybeAsyncResponseResolverReturnType<...>> | AsyncIterable<...>'.
        Type 'HttpResponse<ApiResponse<{ type: "i18n"; languages: UILanguageConfig[]; translations: Record<string, UITranslationItem[]>; }>>' is not assignable to type 'ResponseResolverReturnType<ApiResponse<{ type: "text"; items: UITextConfigItem[]; }>> | Iterable<MaybeAsyncResponseResolverReturnType<ApiResponse<{ type: "text"; items: UITextConfigItem[]; }>>, MaybeAsyncResponseResolverReturnType<...>, MaybeAsyncResponseResolverReturnType<...>> | AsyncIterable<...>'.
          Type 'HttpResponse<ApiResponse<{ type: "i18n"; languages: UILanguageConfig[]; translations: Record<string, UITranslationItem[]>; }>>' is not assignable to type 'DefaultUnsafeFetchResponse | HttpResponse<ApiResponse<{ type: "text"; items: UITextConfigItem[]; }>> | Iterable<...> | AsyncIterable<...>'.
            Type 'HttpResponse<ApiResponse<{ type: "i18n"; languages: UILanguageConfig[]; translations: Record<string, UITranslationItem[]>; }>>' is not assignable to type 'HttpResponse<ApiResponse<{ type: "text"; items: UITextConfigItem[]; }>>'.
              Type 'ApiResponse<{ type: "i18n"; languages: UILanguageConfig[]; translations: Record<string, UITranslationItem[]>; }>' is not assignable to type 'ApiResponse<{ type: "text"; items: UITextConfigItem[]; }>'.
                Property 'items' is missing in type '{ type: "i18n"; languages: UILanguageConfig[]; translations: Record<string, UITranslationItem[]>; }' but required in type '{ type: "text"; items: UITextConfigItem[]; }'.
src/mocks/handlers/user.ts(42,5): error TS2322: Type 'User[]' is not assignable to type 'MockUser[]'.
  Property 'password' is missing in type 'User' but required in type 'MockUser'.
src/router/routes.ts(45,29): error TS2307: Cannot find module '@/views/auth/LoginView.vue' or its corresponding type declarations.
src/router/routes.ts(60,29): error TS2307: Cannot find module '@/views/trans/TransUploadView.vue' or its corresponding type declarations.
src/router/routes.ts(73,29): error TS2307: Cannot find module '@/views/trans/TransDownloadView.vue' or its corresponding type declarations.
src/router/routes.ts(86,29): error TS2307: Cannot find module '@/views/trans/TransFileTableDemo.vue' or its corresponding type declarations.
src/router/routes.ts(99,29): error TS2307: Cannot find module '@/views/error/403.vue' or its corresponding type declarations.
src/router/routes.ts(112,29): error TS2307: Cannot find module '@/views/error/404.vue' or its corresponding type declarations.
src/router/routes.ts(127,29): error TS2307: Cannot find module '@/views/dashboard/index.vue' or its corresponding type declarations.
src/router/routes.ts(140,29): error TS2307: Cannot find module '@/views/transfer/index.vue' or its corresponding type declarations.
src/router/routes.ts(154,29): error TS2307: Cannot find module '@/views/application/ApplicationListView.vue' or its corresponding type declarations.
src/router/routes.ts(167,29): error TS2307: Cannot find module '@/views/download/DownloadListView.vue' or its corresponding type declarations.
src/router/routes.ts(180,29): error TS2307: Cannot find module '@/views/application/SelectTypeView.vue' or its corresponding type declarations.
src/router/routes.ts(194,29): error TS2307: Cannot find module '@/views/application/CreateApplicationView.vue' or its corresponding type declarations.
src/router/routes.ts(208,29): error TS2307: Cannot find module '@/views/application/ApplicationDetailView.vue' or its corresponding type declarations.
src/router/routes.ts(222,29): error TS2307: Cannot find module '@/views/approvals/ApprovalListView.vue' or its corresponding type declarations.
src/router/routes.ts(235,29): error TS2307: Cannot find module '@/views/approvals/ApprovalDetailView.vue' or its corresponding type declarations.
src/router/routes.ts(249,29): error TS2307: Cannot find module '@/views/profile/index.vue' or its corresponding type declarations.
src/router/routes.ts(263,29): error TS2307: Cannot find module '@/views/notifications/index.vue' or its corresponding type declarations.
src/router/routes.ts(280,29): error TS2307: Cannot find module '@/views/transfers/index.vue' or its corresponding type declarations.
src/router/routes.ts(293,29): error TS2307: Cannot find module '@/views/admin/AdminApplicationView.vue' or its corresponding type declarations.
src/router/routes.ts(306,29): error TS2307: Cannot find module '@/views/users/index.vue' or its corresponding type declarations.
src/router/routes.ts(319,29): error TS2307: Cannot find module '@/views/settings/index.vue' or its corresponding type declarations.
src/router/routes.ts(332,29): error TS2307: Cannot find module '@/views/logs/index.vue' or its corresponding type declarations.
src/router/routes.ts(345,29): error TS2307: Cannot find module '@/views/region/index.vue' or its corresponding type declarations.
src/router/routes.ts(358,31): error TS2307: Cannot find module '@/views/channel/index.vue' or its corresponding type declarations.
src/router/routes.ts(371,31): error TS2307: Cannot find module '@/views/ui-config/index.vue' or its corresponding type declarations.
src/stores/__tests__/approval.spec.ts(46,9): error TS2353: Object literal may only specify known properties, and 'storageSize' does not exist in type '{ id: string; applicationNo: string; transferType: TransferType; department: string; departmentId?: string | undefined; sourceArea: SecurityArea; targetArea: SecurityArea; ... 20 more ...; updatedAt?: string | undefined; }'.
src/stores/__tests__/auth.spec.ts(44,23): error TS2554: Expected 0 arguments, but got 2.
src/stores/__tests__/file.spec.ts(63,3): error TS2353: Object literal may only specify known properties, and 'storageSize' does not exist in type 'Application'.
src/stores/application.ts(31,5): error TS2353: Object literal may only specify known properties, and 'customerAuthFile' does not exist in type 'Application'.
src/stores/application.ts(31,28): error TS2339: Property 'customerAuthFile' does not exist on type 'Partial<Application>'.
src/stores/application.ts(37,23): error TS2339: Property 'storageSize' does not exist on type 'Partial<Application>'.
src/stores/application.ts(38,28): error TS2339: Property 'uploadExpireTime' does not exist on type 'Partial<Application>'.
src/stores/application.ts(39,30): error TS2339: Property 'downloadExpireTime' does not exist on type 'Partial<Application>'.
src/stores/approval.ts(37,38): error TS2339: Property 'getPending' does not exist on type '{ getWaitingForApproval(pageSize: number, pageNum: number, query?: WaitingApprovalQuery | undefined): Promise<WaitingApprovalResponse>; getMyApproved(pageSize: number, pageNum: number, query?: WaitingApprovalQuery | undefined): Promise<...>; userApproved(params: { ...; }): Promise<...>; getApprovalLog(applicationId:...'.
src/stores/approval.ts(47,39): error TS2339: Property 'approve' does not exist on type '{ getWaitingForApproval(pageSize: number, pageNum: number, query?: WaitingApprovalQuery | undefined): Promise<WaitingApprovalResponse>; getMyApproved(pageSize: number, pageNum: number, query?: WaitingApprovalQuery | undefined): Promise<...>; userApproved(params: { ...; }): Promise<...>; getApprovalLog(applicationId:...'.
src/stores/approval.ts(54,39): error TS2339: Property 'reject' does not exist on type '{ getWaitingForApproval(pageSize: number, pageNum: number, query?: WaitingApprovalQuery | undefined): Promise<WaitingApprovalResponse>; getMyApproved(pageSize: number, pageNum: number, query?: WaitingApprovalQuery | undefined): Promise<...>; userApproved(params: { ...; }): Promise<...>; getApprovalLog(applicationId:...'.
src/stores/approval.ts(61,39): error TS2339: Property 'skip' does not exist on type '{ getWaitingForApproval(pageSize: number, pageNum: number, query?: WaitingApprovalQuery | undefined): Promise<WaitingApprovalResponse>; getMyApproved(pageSize: number, pageNum: number, query?: WaitingApprovalQuery | undefined): Promise<...>; userApproved(params: { ...; }): Promise<...>; getApprovalLog(applicationId:...'.
src/stores/file.ts(153,21): error TS2339: Property 'storageSize' does not exist on type 'Application'.
src/stores/file.ts(154,37): error TS2339: Property 'storageSize' does not exist on type 'Application'.
src/types/kiaresults.ts(37,13): error TS1294: This syntax is not allowed when 'erasableSyntaxOnly' is enabled.
src/types/upload-error.ts(7,13): error TS1294: This syntax is not allowed when 'erasableSyntaxOnly' is enabled.
src/utils/upload-db.ts(172,7): error TS2322: Type 'boolean | undefined' is not assignable to type 'boolean'.
  Type 'undefined' is not assignable to type 'boolean'.
src/views/application/components/types.ts(1,1): error TS6133: 'ApplicationFormData' is declared but its value is never read.
